// Jest Snapshot v1, https://goo.gl/fbAQLP

exports[`Photo component renders correctly with onClick 1`] = `
ShallowWrapper {
  "length": 1,
  Symbol(enzyme.__root__): [Circular],
  Symbol(enzyme.__unrendered__): <Photo
    onClick={[Function]}
    photo={
      Object {
        "height": 50,
        "src": "http://example.com/photo.jpg",
        "width": 50,
      }
    }
  />,
  Symbol(enzyme.__renderer__): Object {
    "batchedUpdates": [Function],
    "getNode": [Function],
    "render": [Function],
    "simulateEvent": [Function],
    "unmount": [Function],
  },
  Symbol(enzyme.__node__): Object {
    "instance": null,
    "key": undefined,
    "nodeType": "host",
    "props": Object {
      "height": 50,
      "onClick": [Function],
      "src": "http://example.com/photo.jpg",
      "style": Object {
        "cursor": "pointer",
        "display": "block",
        "float": "left",
        "margin": undefined,
      },
      "width": 50,
    },
    "ref": null,
    "rendered": null,
    "type": "img",
  },
  Symbol(enzyme.__nodes__): Array [
    Object {
      "instance": null,
      "key": undefined,
      "nodeType": "host",
      "props": Object {
        "height": 50,
        "onClick": [Function],
        "src": "http://example.com/photo.jpg",
        "style": Object {
          "cursor": "pointer",
          "display": "block",
          "float": "left",
          "margin": undefined,
        },
        "width": 50,
      },
      "ref": null,
      "rendered": null,
      "type": "img",
    },
  ],
  Symbol(enzyme.__options__): Object {
    "adapter": ReactSixteenAdapter {
      "options": Object {
        "enableComponentDidUpdateOnSetState": true,
      },
    },
  },
}
`;

exports[`Photo component renders correctly without onClick 1`] = `
initialize {
  "0": Object {
    "attribs": Object {
      "height": "50",
      "src": "http://example.com/photo.jpg",
      "style": "display:block;float:left",
      "width": "50",
    },
    "children": Array [],
    "name": "img",
    "namespace": "http://www.w3.org/1999/xhtml",
    "next": null,
    "parent": null,
    "prev": null,
    "root": Object {
      "attribs": Object {},
      "children": Array [
        [Circular],
      ],
      "name": "root",
      "namespace": "http://www.w3.org/1999/xhtml",
      "next": null,
      "parent": null,
      "prev": null,
      "type": "root",
      "x-attribsNamespace": Object {},
      "x-attribsPrefix": Object {},
    },
    "type": "tag",
    "x-attribsNamespace": Object {
      "height": undefined,
      "src": undefined,
      "style": undefined,
      "width": undefined,
    },
    "x-attribsPrefix": Object {
      "height": undefined,
      "src": undefined,
      "style": undefined,
      "width": undefined,
    },
  },
  "_root": [Circular],
  "length": 1,
  "options": Object {
    "decodeEntities": true,
    "normalizeWhitespace": false,
    "withDomLvl1": true,
    "xml": false,
  },
}
`;
